2026-07-20 22:31:02.909 [background-preinit] INFO  o.h.validator.internal.util.Version - HV000001: Hibernate Validator 6.2.5.Final
2026-07-20 22:31:02.932 [main] INFO  c.rustto.manager.ManagerApplication - Starting ManagerApplication using Java 1.8.0_452 on DESKTOP-AGMQ460 with PID 10741 (/home/pingpingliao/rustto/manager/web/target/classes started by pingpingliao in /home/pingpingliao/rustto)
2026-07-20 22:31:02.933 [main] DEBUG c.rustto.manager.ManagerApplication - Running with Spring Boot v2.7.18, Spring v5.3.31
2026-07-20 22:31:02.934 [main] INFO  c.rustto.manager.ManagerApplication - No active profile set, falling back to 1 default profile: "default"
2026-07-20 22:31:04.509 [main] INFO  o.s.b.w.e.tomcat.TomcatWebServer - Tomcat initialized with port(s): 8080 (http)
2026-07-20 22:31:04.515 [main] INFO  o.a.coyote.http11.Http11NioProtocol - Initializing ProtocolHandler ["http-nio-8080"]
2026-07-20 22:31:04.518 [main] INFO  o.a.catalina.core.StandardService - Starting service [Tomcat]
2026-07-20 22:31:04.518 [main] INFO  o.a.catalina.core.StandardEngine - Starting Servlet engine: [Apache Tomcat/9.0.83]
2026-07-20 22:31:04.594 [main] INFO  o.a.c.c.C.[Tomcat].[localhost].[/] - Initializing Spring embedded WebApplicationContext
2026-07-20 22:31:04.594 [main] INFO  o.s.b.w.s.c.ServletWebServerApplicationContext - Root WebApplicationContext: initialization completed in 1501 ms
2026-07-20 22:31:05.418 [main] INFO  o.f.c.i.license.VersionPrinter - Flyway Community Edition 8.5.13 by Redgate
2026-07-20 22:31:05.418 [main] INFO  o.f.c.i.license.VersionPrinter - See what's new here: https://flywaydb.org/documentation/learnmore/releaseNotes#8.5.13
2026-07-20 22:31:05.418 [main] INFO  o.f.c.i.license.VersionPrinter - 
2026-07-20 22:31:05.427 [main] INFO  com.zaxxer.hikari.HikariDataSource - HikariPool-1 - Starting...
2026-07-20 22:31:05.748 [main] INFO  com.zaxxer.hikari.HikariDataSource - HikariPool-1 - Start completed.
2026-07-20 22:31:05.795 [main] INFO  o.f.c.i.d.base.BaseDatabaseType - Database: jdbc:mysql://localhost:3306/rustto (MySQL 8.0)
2026-07-20 22:31:05.926 [main] INFO  o.f.core.internal.command.DbValidate - Successfully validated 2 migrations (execution time 00:00.047s)
2026-07-20 22:31:05.934 [main] INFO  o.f.core.internal.command.DbMigrate - Current version of schema `rustto`: 2
2026-07-20 22:31:05.935 [main] INFO  o.f.core.internal.command.DbMigrate - Schema `rustto` is up to date. No migration necessary.
2026-07-20 22:31:06.746 [rustto-netty-server] INFO  com.rustto.manager.netty.NettyServer - Netty server bound on port 9600
2026-07-20 22:31:06.929 [main] INFO  o.a.coyote.http11.Http11NioProtocol - Starting ProtocolHandler ["http-nio-8080"]
2026-07-20 22:31:06.941 [main] INFO  o.s.b.w.e.tomcat.TomcatWebServer - Tomcat started on port(s): 8080 (http) with context path ''
2026-07-20 22:31:06.951 [main] INFO  c.rustto.manager.ManagerApplication - Started ManagerApplication in 4.925 seconds (JVM running for 6.306)
2026-07-20 22:31:07.035 [main] DEBUG c.r.m.bootstrap.DataInitializer - 管理员账号 admin 已存在且密码非旧值，跳过
2026-07-20 22:31:07.330 [http-nio-8080-exec-2] INFO  o.a.c.c.C.[Tomcat].[localhost].[/] - Initializing Spring DispatcherServlet 'dispatcherServlet'
2026-07-20 22:31:07.330 [http-nio-8080-exec-2] INFO  o.s.web.servlet.DispatcherServlet - Initializing Servlet 'dispatcherServlet'
2026-07-20 22:31:07.331 [http-nio-8080-exec-2] INFO  o.s.web.servlet.DispatcherServlet - Completed initialization in 1 ms
2026-07-20 22:31:10.675 [http-nio-8080-exec-1] WARN  c.r.m.security.TokenInterceptor - invalid token: JWT expired at 2026-07-20T04:04:21Z. Current time: 2026-07-20T14:31:10Z, a difference of 37609674 milliseconds.  Allowed clock skew: 0 milliseconds.
2026-07-20 22:31:10.675 [http-nio-8080-exec-2] WARN  c.r.m.security.TokenInterceptor - invalid token: JWT expired at 2026-07-20T04:04:21Z. Current time: 2026-07-20T14:31:10Z, a difference of 37609674 milliseconds.  Allowed clock skew: 0 milliseconds.
2026-07-20 22:31:10.817 [http-nio-8080-exec-4] WARN  c.r.m.security.TokenInterceptor - invalid token: JWT expired at 2026-07-20T04:04:21Z. Current time: 2026-07-20T14:31:10Z, a difference of 37609817 milliseconds.  Allowed clock skew: 0 milliseconds.
2026-07-20 22:31:10.817 [http-nio-8080-exec-3] WARN  c.r.m.security.TokenInterceptor - invalid token: JWT expired at 2026-07-20T04:04:21Z. Current time: 2026-07-20T14:31:10Z, a difference of 37609817 milliseconds.  Allowed clock skew: 0 milliseconds.
